     1                                  bits 32
     2                                  global start
     3                                  import printf msvcrt.dll
     4                                  import exit msvcrt.dll
     5                                  import scanf msvcrt.dll
     6                                  extern printf, exit, scanf
     7                                  extern calculsuma ; declarare eticheta de calclul din modulul secundar
     8                                  segment data use32
     9 00000000 73756D613D25640A0D-      format_afisare db "suma=%d", 10, 13, 0
     9 00000009 00                 
    10 0000000A 696E74726F64756365-      mesaja db "introduceti a=",10, 13, 0
    10 00000013 746920613D0A0D00   
    11 0000001B 696E74726F64756365-      mesajb db "introduceti b=",10, 13, 0
    11 00000024 746920623D0A0D00   
    12 0000002C 256400                   format db "%d",0
    13 0000002F <res 00000004>           a resd 1
    14 00000033 <res 00000004>           b resd 1
    15                                  segment code use32 public code
    16                                  
    17                                  start:
    18                                   ;in main vom citi numerele a, b
    19                                   ;printare mesaj de citire pe ecran
    20 00000000 68[0A000000]             push dword mesaja
    21 00000005 FF15[00000000]           call [printf]
    22 0000000B 83C404                   add esp,4
    23                                   ;citire a
    24 0000000E 68[2F000000]             push dword a
    25 00000013 68[2C000000]             push dword format
    26 00000018 FF15[00000000]           call [scanf]
    27 0000001E 83C408                   add esp,4*2
    28                                   ;printare mesaj de citire pe ecran
    29 00000021 68[1B000000]             push dword mesajb
    30 00000026 FF15[00000000]           call [printf]
    31 0000002C 83C404                   add esp,4
    32                                   ;citirea lui b de la tastatura
    33 0000002F 68[33000000]             push dword b
    34 00000034 68[2C000000]             push dword format
    35 00000039 FF15[00000000]           call [scanf]
    36 0000003F 83C408                   add esp,4*2
    37                                  
    38 00000042 FF35[2F000000]           push dword [a] ;salvam pe stiva
    39                                   ;numerele citite pentru a fi accesate
    40                                   ;din modulul secundar
    41 00000048 FF35[33000000]           push dword [b]
    42                                  
    43 0000004E E8(00000000)             call calculsuma ; apelare functie de
    44                                   ;calcul suma din modulul secundar
    45                                  
    46                                  ;afisare
    47 00000053 53                       push ebx
    48 00000054 68[00000000]             push format_afisare
    49 00000059 FF15[00000000]           call [printf]
    50 0000005F 83C408                   add esp, 2*4
    51                                   ; popa
    52 00000062 6A00                     push dword 0
    53 00000064 FF15[00000000]           call [exit]
